// Jest Snapshot v1, https://goo.gl/fbAQLP

exports[`Render Message render Message correctly 1`] = `
<div>
  <div
    className="MuiPaper-root-2 MuiPaper-elevation1-5 MuiPaper-rounded-3 Message-container-1"
  >
    <h3
      className="MuiTypography-root-29 MuiTypography-h5-45"
    >
      Error
       
    </h3>
    <p
      className="MuiTypography-root-29 MuiTypography-body1-38"
    />
  </div>
</div>
`;
