// Jest Snapshot v1, https://goo.gl/fbAQLP

exports[`Render UploadGridContainer renders UploadGridContainer correctly 1`] = `null`;
