// Jest Snapshot v1, https://goo.gl/fbAQLP

exports[`Render UploadFormContainer render UploadFormContainer correctly 1`] = `<div />`;
